http://www.w3.org/1999/02/22-rdf-syntax-ns#type 0.00000
http://www.w3.org/1999/02/22-rdf-syntax-ns#Property 0.00000
http://www.w3.org/2000/01/rdf-schema#Class 0.00000
http://www.w3.org/2000/01/rdf-schema#Resource 0.00000
http://www.w3.org/2000/01/rdf-schema#subPropertyOf 0.00000
http://www.w3.org/2000/01/rdf-schema#subClassOf 0.00000
http://www.w3.org/2000/01/rdf-schema#domain 0.00000
http://www.w3.org/2000/01/rdf-schema#range 0.00000
http://www.w3.org/2002/07/owl#sameAs 0.00000
http://www.w3.org/2002/07/owl#SymmetricProperty 0.00000
http://www.w3.org/2002/07/owl#TransitiveProperty 0.00000
http://www.w3.org/2002/07/owl#equivalentProperty 0.00000
http://www.w3.org/2002/07/owl#equivalentClass 0.00000
http://www.w3.org/2000/01/rdf-schema#Datatype 0.00000
http://www.w3.org/2000/01/rdf-schema#ContainerMembershipProperty 0.00000
http://www.w3.org/2000/01/rdf-schema#Literal 0.00000
http://www.w3.org/2000/01/rdf-schema#member 0.00000
http://www.ontotext.com/owlim/rdfrank/test#a urn:1 urn:2 0.00000
http://www.ontotext.com/owlim/rdfrank/test#p 0.00000
http://www.ontotext.com/owlim/rdfrank/test#b urn:5 urn:8 0.25974
http://www.ontotext.com/owlim/rdfrank/test#c urn:10 urn:15 1.00000
