http://www.w3.org/1999/02/22-rdf-syntax-ns#type 0.00000
http://www.w3.org/1999/02/22-rdf-syntax-ns#Property 0.00000
http://www.w3.org/2000/01/rdf-schema#Class 0.00000
http://www.w3.org/2000/01/rdf-schema#Resource 0.00000
http://www.w3.org/2000/01/rdf-schema#subPropertyOf 0.00000
http://www.w3.org/2000/01/rdf-schema#subClassOf 0.00000
http://www.w3.org/2000/01/rdf-schema#domain 0.00000
http://www.w3.org/2000/01/rdf-schema#range 0.00000
http://www.w3.org/2002/07/owl#sameAs 0.00000
http://www.w3.org/2002/07/owl#SymmetricProperty 0.00192
http://www.w3.org/2002/07/owl#TransitiveProperty 0.01864
http://www.w3.org/2002/07/owl#equivalentProperty 0.00000
http://www.w3.org/2002/07/owl#equivalentClass 0.00000
http://www.w3.org/2000/01/rdf-schema#Datatype 0.00000
http://www.w3.org/2000/01/rdf-schema#ContainerMembershipProperty 0.00000
http://www.w3.org/2000/01/rdf-schema#Literal 0.00000
http://www.w3.org/2000/01/rdf-schema#member 0.00000
http://www.w3.org/TR/2003/CR-owl-guide-20030818/wine 0.00000
http://www.w3.org/2002/07/owl#Ontology 0.00681
http://www.w3.org/2000/01/rdf-schema#comment 0.00000
http://www.w3.org/2002/07/owl#priorVersion 0.00000
http://www.w3.org/TR/2003/WD-owl-guide-20030331/wine 0.00057
http://www.w3.org/2002/07/owl#imports 0.00000
http://www.w3.org/TR/2003/CR-owl-guide-20030818/food 0.00057
http://www.w3.org/TR/2003/CR-owl-guide-20030818/food1 0.00057
http://www.w3.org/TR/2003/CR-owl-guide-20030818/food2 0.00057
http://www.w3.org/TR/2003/CR-owl-guide-20030818/food3 0.00057
http://www.w3.org/TR/2003/CR-owl-guide-20030818/food4 0.00057
http://www.w3.org/2000/01/rdf-schema#label 0.00000
http://www.w3.org/TR/2003/CR-owl-guide-20030818/wine#Wine 0.21254
http://www.w3.org/2002/07/owl#Class 1.00000
http://www.w3.org/TR/2003/CR-owl-guide-20030818/food#PotableLiquid 0.01554
_:node1 0.00000
http://www.w3.org/2002/07/owl#Restriction 0.50000
http://www.w3.org/2002/07/owl#onProperty 0.00000
http://www.w3.org/TR/2003/CR-owl-guide-20030818/wine#hasMaker 0.01551
http://www.w3.org/2002/07/owl#cardinality 0.00000
http://www.w3.org/2001/XMLSchema#nonNegativeInteger 0.00000
http://www.w3.org/2001/XMLSchema#string 0.00000
_:node2 0.00000
http://www.w3.org/2002/07/owl#allValuesFrom 0.00000
http://www.w3.org/TR/2003/CR-owl-guide-20030818/wine#Winery 0.48620
_:node3 0.00000
http://www.w3.org/TR/2003/CR-owl-guide-20030818/wine#madeFromGrape 0.15514
http://www.w3.org/2002/07/owl#minCardinality 0.00000
_:node4 0.00000
http://www.w3.org/TR/2003/CR-owl-guide-20030818/wine#hasSugar 0.06705
_:node5 0.00000
http://www.w3.org/TR/2003/CR-owl-guide-20030818/wine#hasFlavor 0.05517
_:node6 0.00000
http://www.w3.org/TR/2003/CR-owl-guide-20030818/wine#hasBody 0.05628
_:node7 0.00000
http://www.w3.org/TR/2003/CR-owl-guide-20030818/wine#hasColor 0.07271
_:node8 0.00000
http://www.w3.org/TR/2003/CR-owl-guide-20030818/wine#locatedIn 0.08090
http://www.w3.org/2002/07/owl#someValuesFrom 0.00000
http://www.w3.org/TR/2003/CR-owl-guide-20030818/wine#Region 0.30320
http://www.w3.org/TR/2003/CR-owl-guide-20030818/wine#Vintage 0.00207
_:node9 0.00000
http://www.w3.org/TR/2003/CR-owl-guide-20030818/wine#hasVintageYear 0.00298
http://www.w3.org/TR/2003/CR-owl-guide-20030818/wine#WineGrape 0.16987
http://www.w3.org/TR/2003/CR-owl-guide-20030818/food#Grape 0.07510
http://www.w3.org/TR/2003/CR-owl-guide-20030818/wine#WhiteWine 0.02334
http://www.w3.org/2002/07/owl#intersectionOf 0.00000
_:node10 0.00000
http://www.w3.org/1999/02/22-rdf-syntax-ns#first 0.00000
http://www.w3.org/1999/02/22-rdf-syntax-ns#rest 0.00000
_:node12 0.00000
_:node11 0.00000
http://www.w3.org/2002/07/owl#hasValue 0.00000
http://www.w3.org/TR/2003/CR-owl-guide-20030818/wine#White 0.04638
http://www.w3.org/1999/02/22-rdf-syntax-ns#nil 0.45593
http://www.w3.org/TR/2003/CR-owl-guide-20030818/wine#WhiteTableWine 0.00000
_:node13 0.00000
http://www.w3.org/TR/2003/CR-owl-guide-20030818/wine#TableWine 0.00837
_:node15 0.00000
_:node14 0.00000
http://www.w3.org/TR/2003/CR-owl-guide-20030818/wine#WhiteNonSweetWine 0.00000
_:node16 0.00000
_:node18 0.00000
_:node17 0.00000
_:node19 0.00000
http://www.w3.org/2002/07/owl#oneOf 0.00000
_:node20 0.00000
http://www.w3.org/TR/2003/CR-owl-guide-20030818/wine#Dry 0.11926
http://www.w3.org/2002/07/owl#Thing 0.41184
_:node21 0.00000
http://www.w3.org/TR/2003/CR-owl-guide-20030818/wine#OffDry 0.03949
http://www.w3.org/TR/2003/CR-owl-guide-20030818/wine#WhiteLoire 0.00000
_:node22 0.00000
http://www.w3.org/TR/2003/CR-owl-guide-20030818/wine#Loire 0.01737
_:node23 0.00000
_:node24 0.00000
_:node25 0.00000
_:node26 0.00000
http://www.w3.org/TR/2003/CR-owl-guide-20030818/wine#CheninBlancGrape 0.01001
_:node27 0.00000
http://www.w3.org/TR/2003/CR-owl-guide-20030818/wine#PinotBlancGrape 0.01023
_:node28 0.00000
http://www.w3.org/TR/2003/CR-owl-guide-20030818/wine#SauvignonBlancGrape 0.02129
http://www.w3.org/TR/2003/CR-owl-guide-20030818/wine#WhiteBurgundy 0.00622
_:node29 0.00000
http://www.w3.org/TR/2003/CR-owl-guide-20030818/wine#Burgundy 0.00790
_:node30 0.00000
_:node31 0.00000
http://www.w3.org/TR/2003/CR-owl-guide-20030818/wine#ChardonnayGrape 0.00588
_:node32 0.00000
http://www.w3.org/2002/07/owl#maxCardinality 0.00000
http://www.w3.org/TR/2003/CR-owl-guide-20030818/wine#WhiteBordeaux 0.00000
_:node33 0.00000
http://www.w3.org/TR/2003/CR-owl-guide-20030818/wine#Bordeaux 0.01608
_:node34 0.00000
_:node35 0.00000
_:node36 0.00000
_:node37 0.00000
http://www.w3.org/TR/2003/CR-owl-guide-20030818/wine#SemillonGrape 0.01365
_:node38 0.00000
http://www.w3.org/2002/07/owl#ObjectProperty 0.14576
http://www.w3.org/TR/2003/CR-owl-guide-20030818/wine#adjacentRegion 0.00000
http://www.w3.org/TR/2003/CR-owl-guide-20030818/wine#VintageYear 0.00721
http://www.w3.org/TR/2003/CR-owl-guide-20030818/wine#yearValue 0.00000
http://www.w3.org/2002/07/owl#DatatypeProperty 0.00192
http://www.w3.org/2001/XMLSchema#positiveInteger 0.00192
http://www.w3.org/TR/2003/CR-owl-guide-20030818/wine#Year1998 0.00082
http://www.w3.org/2002/07/owl#FunctionalProperty 0.06731
http://www.w3.org/TR/2003/CR-owl-guide-20030818/food#madeFromFruit 0.03441
http://www.w3.org/TR/2003/CR-owl-guide-20030818/wine#madeIntoWine 0.00000
http://www.w3.org/2002/07/owl#inverseOf 0.00000
http://www.w3.org/TR/2003/CR-owl-guide-20030818/wine#hasWineDescriptor 0.05577
http://www.w3.org/TR/2003/CR-owl-guide-20030818/wine#WineDescriptor 0.09029
http://www.w3.org/TR/2003/CR-owl-guide-20030818/wine#WineSugar 0.09462
http://www.w3.org/TR/2003/CR-owl-guide-20030818/wine#WineBody 0.11072
http://www.w3.org/TR/2003/CR-owl-guide-20030818/wine#WineFlavor 0.10460
http://www.w3.org/TR/2003/CR-owl-guide-20030818/wine#WineColor 0.07750
http://www.w3.org/TR/2003/CR-owl-guide-20030818/wine#producesWine 0.00000
http://www.w3.org/TR/2003/CR-owl-guide-20030818/wine#Zinfandel 0.00465
_:node39 0.00000
_:node41 0.00000
_:node40 0.00000
http://www.w3.org/TR/2003/CR-owl-guide-20030818/wine#ZinfandelGrape 0.00316
_:node43 0.00000
_:node42 0.00000
_:node44 0.00000
http://www.w3.org/TR/2003/CR-owl-guide-20030818/wine#Red 0.04348
_:node45 0.00000
_:node46 0.00000
_:node47 0.00000
_:node48 0.00000
http://www.w3.org/TR/2003/CR-owl-guide-20030818/wine#Full 0.07045
_:node49 0.00000
http://www.w3.org/TR/2003/CR-owl-guide-20030818/wine#Medium 0.09370
_:node50 0.00000
_:node51 0.00000
_:node52 0.00000
http://www.w3.org/TR/2003/CR-owl-guide-20030818/wine#Moderate 0.08651
_:node53 0.00000
http://www.w3.org/TR/2003/CR-owl-guide-20030818/wine#Strong 0.06421
http://www.w3.org/2002/07/owl#unionOf 0.00000
_:node54 0.00000
http://www.w3.org/TR/2003/CR-owl-guide-20030818/wine#WineTaste 0.10810
_:node55 0.00000
_:node56 0.00000
_:node57 0.00000
http://www.w3.org/TR/2003/CR-owl-guide-20030818/wine#Rose 0.01878
_:node58 0.00000
_:node59 0.00000
http://www.w3.org/TR/2003/CR-owl-guide-20030818/wine#Sweet 0.04804
_:node60 0.00000
_:node61 0.00000
_:node62 0.00000
http://www.w3.org/TR/2003/CR-owl-guide-20030818/wine#Delicate 0.04399
_:node63 0.00000
_:node64 0.00000
_:node65 0.00000
http://www.w3.org/TR/2003/CR-owl-guide-20030818/wine#Light 0.04442
_:node66 0.00000
_:node67 0.00000
http://www.w3.org/TR/2003/CR-owl-guide-20030818/wine#USRegion 0.02686
http://www.w3.org/TR/2003/CR-owl-guide-20030818/wine#Tours 0.00000
_:node68 0.00000
_:node70 0.00000
_:node69 0.00000
http://www.w3.org/TR/2003/CR-owl-guide-20030818/wine#ToursRegion 0.00315
_:node71 0.00000
_:node72 0.00000
_:node73 0.00000
_:node75 0.00000
_:node74 0.00000
http://www.w3.org/TR/2003/CR-owl-guide-20030818/wine#SweetWine 0.00000
_:node76 0.00000
_:node78 0.00000
_:node77 0.00000
http://www.w3.org/TR/2003/CR-owl-guide-20030818/wine#SweetRiesling 0.00192
http://www.w3.org/TR/2003/CR-owl-guide-20030818/wine#DessertWine 0.00702
_:node79 0.00000
_:node80 0.00000
_:node81 0.00000
_:node82 0.00000
_:node83 0.00000
_:node84 0.00000
http://www.w3.org/TR/2003/CR-owl-guide-20030818/wine#Riesling 0.00789
_:node86 0.00000
_:node85 0.00000
http://www.w3.org/TR/2003/CR-owl-guide-20030818/wine#StEmilion 0.00287
_:node87 0.00000
_:node88 0.00000
_:node89 0.00000
http://www.w3.org/TR/2003/CR-owl-guide-20030818/wine#CabernetSauvignonGrape 0.01698
_:node90 0.00000
_:node91 0.00000
_:node93 0.00000
_:node92 0.00000
http://www.w3.org/TR/2003/CR-owl-guide-20030818/wine#StEmilionRegion 0.00315
http://www.w3.org/TR/2003/CR-owl-guide-20030818/wine#SemillonOrSauvignonBlanc 0.00930
_:node94 0.00000
_:node95 0.00000
_:node96 0.00000
_:node97 0.00000
_:node98 0.00000
_:node99 0.00000
_:node101 0.00000
_:node100 0.00000
_:node102 0.00000
_:node103 0.00000
_:node104 0.00000
http://www.w3.org/TR/2003/CR-owl-guide-20030818/wine#Semillon 0.00230
_:node105 0.00000
_:node107 0.00000
_:node106 0.00000
_:node109 0.00000
_:node108 0.00000
http://www.w3.org/TR/2003/CR-owl-guide-20030818/wine#SauvignonBlanc 0.00383
_:node110 0.00000
_:node112 0.00000
_:node111 0.00000
_:node114 0.00000
_:node113 0.00000
http://www.w3.org/TR/2003/CR-owl-guide-20030818/wine#Sauterne 0.00115
http://www.w3.org/TR/2003/CR-owl-guide-20030818/wine#LateHarvest 0.00469
_:node115 0.00000
http://www.w3.org/TR/2003/CR-owl-guide-20030818/wine#SauterneRegion 0.00223
_:node116 0.00000
_:node117 0.00000
http://www.w3.org/TR/2003/CR-owl-guide-20030818/wine#Sancerre 0.00287
_:node118 0.00000
_:node119 0.00000
_:node120 0.00000
_:node121 0.00000
_:node122 0.00000
_:node123 0.00000
_:node125 0.00000
_:node124 0.00000
http://www.w3.org/TR/2003/CR-owl-guide-20030818/wine#SancerreRegion 0.00314
http://www.w3.org/TR/2003/CR-owl-guide-20030818/wine#RoseWine 0.00000
_:node126 0.00000
_:node128 0.00000
_:node127 0.00000
_:node129 0.00000
_:node130 0.00000
_:node132 0.00000
_:node131 0.00000
http://www.w3.org/TR/2003/CR-owl-guide-20030818/wine#RieslingGrape 0.00329
_:node134 0.00000
_:node133 0.00000
http://www.w3.org/TR/2003/CR-owl-guide-20030818/wine#RedWine 0.01494
_:node135 0.00000
_:node137 0.00000
_:node136 0.00000
http://www.w3.org/TR/2003/CR-owl-guide-20030818/wine#RedTableWine 0.00096
_:node138 0.00000
_:node140 0.00000
_:node139 0.00000
http://www.w3.org/TR/2003/CR-owl-guide-20030818/wine#RedBurgundy 0.00404
_:node141 0.00000
http://www.w3.org/TR/2003/CR-owl-guide-20030818/wine#PinotNoirGrape 0.00578
_:node142 0.00000
_:node143 0.00000
_:node144 0.00000
http://www.w3.org/TR/2003/CR-owl-guide-20030818/wine#RedBordeaux 0.00000
_:node145 0.00000
_:node146 0.00000
_:node147 0.00000
_:node148 0.00000
http://www.w3.org/TR/2003/CR-owl-guide-20030818/wine#MerlotGrape 0.01532
_:node149 0.00000
_:node150 0.00000
http://www.w3.org/TR/2003/CR-owl-guide-20030818/wine#Port 0.00287
_:node151 0.00000
http://www.w3.org/TR/2003/CR-owl-guide-20030818/wine#PortugalRegion 0.00230
_:node152 0.00000
_:node153 0.00000
_:node154 0.00000
http://www.w3.org/TR/2003/CR-owl-guide-20030818/wine#PinotNoir 0.00287
_:node155 0.00000
_:node156 0.00000
_:node158 0.00000
_:node157 0.00000
_:node160 0.00000
_:node159 0.00000
http://www.w3.org/TR/2003/CR-owl-guide-20030818/wine#PinotBlanc 0.00000
_:node161 0.00000
_:node162 0.00000
_:node164 0.00000
_:node163 0.00000
_:node166 0.00000
_:node165 0.00000
http://www.w3.org/TR/2003/CR-owl-guide-20030818/wine#PetiteSyrah 0.00192
_:node167 0.00000
_:node168 0.00000
_:node169 0.00000
_:node170 0.00000
_:node171 0.00000
_:node172 0.00000
_:node173 0.00000
_:node174 0.00000
_:node175 0.00000
_:node176 0.00000
_:node177 0.00000
_:node179 0.00000
_:node178 0.00000
http://www.w3.org/TR/2003/CR-owl-guide-20030818/wine#PetiteSyrahGrape 0.00314
_:node181 0.00000
_:node180 0.00000
http://www.w3.org/TR/2003/CR-owl-guide-20030818/wine#Pauillac 0.00287
_:node182 0.00000
_:node183 0.00000
_:node184 0.00000
_:node185 0.00000
_:node186 0.00000
http://www.w3.org/TR/2003/CR-owl-guide-20030818/wine#Medoc 0.00703
_:node188 0.00000
_:node187 0.00000
http://www.w3.org/TR/2003/CR-owl-guide-20030818/wine#PauillacRegion 0.00315
http://www.w3.org/TR/2003/CR-owl-guide-20030818/wine#Muscadet 0.00287
_:node189 0.00000
_:node190 0.00000
_:node191 0.00000
_:node192 0.00000
_:node193 0.00000
_:node194 0.00000
_:node196 0.00000
_:node195 0.00000
http://www.w3.org/TR/2003/CR-owl-guide-20030818/wine#MuscadetRegion 0.00314
http://www.w3.org/TR/2003/CR-owl-guide-20030818/wine#Meursault 0.00192
_:node197 0.00000
_:node198 0.00000
_:node200 0.00000
_:node199 0.00000
http://www.w3.org/TR/2003/CR-owl-guide-20030818/wine#MeursaultRegion 0.00320
http://www.w3.org/TR/2003/CR-owl-guide-20030818/wine#Merlot 0.00192
_:node201 0.00000
_:node202 0.00000
_:node203 0.00000
_:node204 0.00000
_:node205 0.00000
_:node206 0.00000
_:node207 0.00000
_:node208 0.00000
_:node209 0.00000
_:node210 0.00000
_:node211 0.00000
_:node213 0.00000
_:node212 0.00000
_:node215 0.00000
_:node214 0.00000
http://www.w3.org/TR/2003/CR-owl-guide-20030818/wine#Meritage 0.00115
_:node216 0.00000
_:node217 0.00000
_:node219 0.00000
_:node218 0.00000
_:node220 0.00000
_:node221 0.00000
_:node222 0.00000
http://www.w3.org/TR/2003/CR-owl-guide-20030818/wine#CabernetFrancGrape 0.00800
_:node223 0.00000
http://www.w3.org/TR/2003/CR-owl-guide-20030818/wine#MalbecGrape 0.00494
_:node224 0.00000
http://www.w3.org/TR/2003/CR-owl-guide-20030818/wine#PetiteVerdotGrape 0.00498
_:node225 0.00000
_:node227 0.00000
_:node226 0.00000
http://www.w3.org/TR/2003/CR-owl-guide-20030818/wine#MedocRegion 0.01166
http://www.w3.org/TR/2003/CR-owl-guide-20030818/wine#BordeauxRegion 0.01944
_:node228 0.00000
_:node229 0.00000
_:node230 0.00000
_:node232 0.00000
_:node231 0.00000
http://www.w3.org/TR/2003/CR-owl-guide-20030818/wine#Margaux 0.00287
_:node233 0.00000
_:node234 0.00000
_:node235 0.00000
_:node236 0.00000
_:node238 0.00000
_:node237 0.00000
http://www.w3.org/TR/2003/CR-owl-guide-20030818/wine#MargauxRegion 0.00316
http://www.w3.org/TR/2003/CR-owl-guide-20030818/wine#LoireRegion 0.02045
http://www.w3.org/TR/2003/CR-owl-guide-20030818/wine#FrenchRegion 0.04226
_:node239 0.00000
_:node241 0.00000
_:node240 0.00000
http://www.w3.org/2002/07/owl#disjointWith 0.00000
http://www.w3.org/TR/2003/CR-owl-guide-20030818/wine#EarlyHarvest 0.00195
_:node242 0.00000
_:node243 0.00000
_:node244 0.00000
_:node245 0.00000
_:node246 0.00000
http://www.w3.org/TR/2003/CR-owl-guide-20030818/wine#ItalianWine 0.00092
_:node247 0.00000
_:node249 0.00000
_:node248 0.00000
http://www.w3.org/TR/2003/CR-owl-guide-20030818/wine#ItalianRegion 0.00705
http://www.w3.org/TR/2003/CR-owl-guide-20030818/wine#IceWine 0.00096
_:node250 0.00000
_:node251 0.00000
_:node252 0.00000
_:node253 0.00000
_:node254 0.00000
_:node255 0.00000
_:node256 0.00000
_:node257 0.00000
_:node258 0.00000
_:node259 0.00000
_:node261 0.00000
_:node260 0.00000
http://www.w3.org/TR/2003/CR-owl-guide-20030818/wine#GermanWine 0.00000
_:node262 0.00000
_:node264 0.00000
_:node263 0.00000
http://www.w3.org/TR/2003/CR-owl-guide-20030818/wine#GermanyRegion 0.00514
http://www.w3.org/TR/2003/CR-owl-guide-20030818/wine#Gamay 0.00000
_:node265 0.00000
_:node267 0.00000
_:node266 0.00000
http://www.w3.org/TR/2003/CR-owl-guide-20030818/wine#GamayGrape 0.00543
_:node269 0.00000
_:node268 0.00000
http://www.w3.org/TR/2003/CR-owl-guide-20030818/wine#FullBodiedWine 0.00000
_:node270 0.00000
_:node272 0.00000
_:node271 0.00000
http://www.w3.org/TR/2003/CR-owl-guide-20030818/wine#FrenchWine 0.00000
_:node273 0.00000
_:node275 0.00000
_:node274 0.00000
_:node276 0.00000
_:node277 0.00000
_:node278 0.00000
_:node279 0.00000
http://www.w3.org/TR/2003/CR-owl-guide-20030818/wine#DryWine 0.00819
_:node280 0.00000
_:node282 0.00000
_:node281 0.00000
http://www.w3.org/TR/2003/CR-owl-guide-20030818/wine#DryWhiteWine 0.00000
_:node283 0.00000
_:node284 0.00000
http://www.w3.org/TR/2003/CR-owl-guide-20030818/wine#DryRiesling 0.00096
_:node285 0.00000
_:node286 0.00000
_:node287 0.00000
_:node288 0.00000
_:node289 0.00000
_:node290 0.00000
_:node291 0.00000
_:node293 0.00000
_:node292 0.00000
http://www.w3.org/TR/2003/CR-owl-guide-20030818/wine#DryRedWine 0.00000
_:node294 0.00000
_:node295 0.00000
_:node296 0.00000
_:node297 0.00000
_:node298 0.00000
_:node299 0.00000
http://www.w3.org/TR/2003/CR-owl-guide-20030818/wine#CotesDOr 0.00287
_:node300 0.00000
_:node301 0.00000
_:node303 0.00000
_:node302 0.00000
http://www.w3.org/TR/2003/CR-owl-guide-20030818/wine#CotesDOrRegion 0.00322
http://www.w3.org/TR/2003/CR-owl-guide-20030818/wine#Chianti 0.00192
_:node304 0.00000
http://www.w3.org/TR/2003/CR-owl-guide-20030818/wine#ChiantiRegion 0.00218
_:node305 0.00000
_:node306 0.00000
http://www.w3.org/TR/2003/CR-owl-guide-20030818/wine#SangioveseGrape 0.00218
_:node307 0.00000
_:node308 0.00000
_:node309 0.00000
_:node310 0.00000
_:node311 0.00000
_:node312 0.00000
http://www.w3.org/TR/2003/CR-owl-guide-20030818/wine#CheninBlanc 0.00192
_:node313 0.00000
_:node314 0.00000
_:node315 0.00000
_:node316 0.00000
_:node317 0.00000
_:node318 0.00000
_:node319 0.00000
_:node320 0.00000
_:node321 0.00000
_:node322 0.00000
_:node323 0.00000
_:node325 0.00000
_:node324 0.00000
_:node327 0.00000
_:node326 0.00000
http://www.w3.org/TR/2003/CR-owl-guide-20030818/wine#Chardonnay 0.00479
_:node328 0.00000
_:node329 0.00000
_:node330 0.00000
_:node331 0.00000
_:node332 0.00000
_:node333 0.00000
_:node334 0.00000
_:node335 0.00000
_:node336 0.00000
_:node337 0.00000
_:node339 0.00000
_:node338 0.00000
_:node341 0.00000
_:node340 0.00000
http://www.w3.org/TR/2003/CR-owl-guide-20030818/wine#CaliforniaRegion 0.03547
http://www.w3.org/TR/2003/CR-owl-guide-20030818/wine#TexasRegion 0.00659
http://www.w3.org/TR/2003/CR-owl-guide-20030818/wine#CaliforniaWine 0.00000
_:node342 0.00000
_:node344 0.00000
_:node343 0.00000
http://www.w3.org/TR/2003/CR-owl-guide-20030818/wine#TexasWine 0.00000
_:node345 0.00000
_:node347 0.00000
_:node346 0.00000
http://www.w3.org/TR/2003/CR-owl-guide-20030818/wine#CabernetSauvignon 0.00383
_:node348 0.00000
_:node349 0.00000
_:node350 0.00000
_:node351 0.00000
_:node352 0.00000
_:node353 0.00000
_:node354 0.00000
_:node355 0.00000
_:node356 0.00000
_:node357 0.00000
_:node358 0.00000
_:node360 0.00000
_:node359 0.00000
_:node362 0.00000
_:node361 0.00000
http://www.w3.org/TR/2003/CR-owl-guide-20030818/wine#CabernetFranc 0.00096
_:node363 0.00000
_:node364 0.00000
_:node365 0.00000
_:node366 0.00000
_:node367 0.00000
_:node369 0.00000
_:node368 0.00000
_:node371 0.00000
_:node370 0.00000
_:node372 0.00000
_:node374 0.00000
_:node373 0.00000
http://www.w3.org/TR/2003/CR-owl-guide-20030818/wine#BourgogneRegion 0.01177
_:node375 0.00000
_:node376 0.00000
_:node378 0.00000
_:node377 0.00000
http://www.w3.org/TR/2003/CR-owl-guide-20030818/wine#Beaujolais 0.00287
_:node379 0.00000
_:node380 0.00000
_:node381 0.00000
_:node382 0.00000
_:node383 0.00000
_:node384 0.00000
_:node385 0.00000
_:node387 0.00000
_:node386 0.00000
http://www.w3.org/TR/2003/CR-owl-guide-20030818/wine#BeaujolaisRegion 0.00313
http://www.w3.org/TR/2003/CR-owl-guide-20030818/wine#AustralianRegion 0.00410
http://www.w3.org/TR/2003/CR-owl-guide-20030818/wine#Anjou 0.00287
_:node388 0.00000
_:node389 0.00000
_:node390 0.00000
_:node391 0.00000
_:node392 0.00000
_:node394 0.00000
_:node393 0.00000
http://www.w3.org/TR/2003/CR-owl-guide-20030818/wine#AnjouRegion 0.00315
http://www.w3.org/TR/2003/CR-owl-guide-20030818/wine#AmericanWine 0.00000
_:node395 0.00000
_:node397 0.00000
_:node396 0.00000
http://www.w3.org/TR/2003/CR-owl-guide-20030818/wine#AlsatianWine 0.00000
_:node398 0.00000
_:node400 0.00000
_:node399 0.00000
http://www.w3.org/TR/2003/CR-owl-guide-20030818/wine#AlsaceRegion 0.00322
http://www.w3.org/2002/07/owl#differentFrom 0.00000
_:node401 0.00000
http://www.w3.org/2002/07/owl#AllDifferent 0.01437
http://www.w3.org/2002/07/owl#distinctMembers 0.00000
_:node402 0.00000
_:node403 0.00000
_:node404 0.00000
_:node405 0.00000
_:node406 0.00000
_:node407 0.00000
_:node408 0.00000
_:node409 0.00000
_:node410 0.00000
_:node411 0.00000
_:node412 0.00000
_:node413 0.00000
_:node414 0.00000
_:node415 0.00000
_:node416 0.00000
http://www.w3.org/TR/2003/CR-owl-guide-20030818/wine#ArroyoGrandeRegion 0.00178
http://www.w3.org/TR/2003/CR-owl-guide-20030818/wine#Beringer 0.00000
http://www.w3.org/TR/2003/CR-owl-guide-20030818/wine#Bancroft 0.00505
http://www.w3.org/TR/2003/CR-owl-guide-20030818/wine#BancroftChardonnay 0.00000
http://www.w3.org/TR/2003/CR-owl-guide-20030818/wine#NapaRegion 0.00786
http://www.w3.org/TR/2003/CR-owl-guide-20030818/wine#CentralCoastRegion 0.00096
http://www.w3.org/TR/2003/CR-owl-guide-20030818/wine#ChateauChevalBlanc 0.00749
http://www.w3.org/TR/2003/CR-owl-guide-20030818/wine#ChateauChevalBlancStEmilion 0.00000
http://www.w3.org/TR/2003/CR-owl-guide-20030818/wine#ChateauDYchem 0.00599
http://www.w3.org/TR/2003/CR-owl-guide-20030818/wine#ChateauDYchemSauterne 0.00000
http://www.w3.org/TR/2003/CR-owl-guide-20030818/wine#ChateauDeMeursault 0.00685
http://www.w3.org/TR/2003/CR-owl-guide-20030818/wine#ChateauDeMeursaultMeursault 0.00000
http://www.w3.org/TR/2003/CR-owl-guide-20030818/wine#ChateauLafiteRothschild 0.00785
http://www.w3.org/TR/2003/CR-owl-guide-20030818/wine#ChateauLafiteRothschildPauillac 0.00000
http://www.w3.org/TR/2003/CR-owl-guide-20030818/wine#ChateauMargaux 0.00000
http://www.w3.org/TR/2003/CR-owl-guide-20030818/wine#ChateauMargauxWinery 0.00786
http://www.w3.org/TR/2003/CR-owl-guide-20030818/wine#ChateauMorgon 0.00787
http://www.w3.org/TR/2003/CR-owl-guide-20030818/wine#ChateauMorgonBeaujolais 0.00000
http://www.w3.org/TR/2003/CR-owl-guide-20030818/wine#ChiantiClassico 0.00000
http://www.w3.org/TR/2003/CR-owl-guide-20030818/wine#McGuinnesso 0.00692
http://www.w3.org/TR/2003/CR-owl-guide-20030818/wine#ClosDeLaPoussie 0.00787
http://www.w3.org/TR/2003/CR-owl-guide-20030818/wine#ClosDeLaPoussieSancerre 0.00000
http://www.w3.org/TR/2003/CR-owl-guide-20030818/wine#ClosDeVougeot 0.00788
http://www.w3.org/TR/2003/CR-owl-guide-20030818/wine#ClosDeVougeotCotesDOr 0.00000
http://www.w3.org/TR/2003/CR-owl-guide-20030818/wine#CongressSprings 0.00615
http://www.w3.org/TR/2003/CR-owl-guide-20030818/wine#CongressSpringsSemillon 0.00000
http://www.w3.org/TR/2003/CR-owl-guide-20030818/wine#Corbans 0.00788
http://www.w3.org/TR/2003/CR-owl-guide-20030818/wine#CorbansDryWhiteRiesling 0.00000
http://www.w3.org/TR/2003/CR-owl-guide-20030818/wine#NewZealandRegion 0.00671
http://www.w3.org/TR/2003/CR-owl-guide-20030818/wine#CorbansPrivateBinSauvignonBlanc 0.00000
http://www.w3.org/TR/2003/CR-owl-guide-20030818/wine#CorbansSauvignonBlanc 0.00000
http://www.w3.org/TR/2003/CR-owl-guide-20030818/wine#CortonMontrachet 0.00615
http://www.w3.org/TR/2003/CR-owl-guide-20030818/wine#CortonMontrachetWhiteBurgundy 0.00000
http://www.w3.org/TR/2003/CR-owl-guide-20030818/wine#Cotturi 0.00596
http://www.w3.org/TR/2003/CR-owl-guide-20030818/wine#CotturiZinfandel 0.00000
http://www.w3.org/TR/2003/CR-owl-guide-20030818/wine#SonomaRegion 0.00862
http://www.w3.org/TR/2003/CR-owl-guide-20030818/wine#DAnjou 0.00788
http://www.w3.org/TR/2003/CR-owl-guide-20030818/wine#EdnaValleyRegion 0.00192
http://www.w3.org/TR/2003/CR-owl-guide-20030818/wine#Elyse 0.00596
http://www.w3.org/TR/2003/CR-owl-guide-20030818/wine#ElyseZinfandel 0.00000
http://www.w3.org/TR/2003/CR-owl-guide-20030818/wine#Forman 0.00692
http://www.w3.org/TR/2003/CR-owl-guide-20030818/wine#FormanCabernetSauvignon 0.00000
http://www.w3.org/TR/2003/CR-owl-guide-20030818/wine#FormanChardonnay 0.00000
http://www.w3.org/TR/2003/CR-owl-guide-20030818/wine#Foxen 0.00596
http://www.w3.org/TR/2003/CR-owl-guide-20030818/wine#FoxenCheninBlanc 0.00000
http://www.w3.org/TR/2003/CR-owl-guide-20030818/wine#SantaBarbaraRegion 0.00192
http://www.w3.org/TR/2003/CR-owl-guide-20030818/wine#GaryFarrell 0.00596
http://www.w3.org/TR/2003/CR-owl-guide-20030818/wine#GaryFarrellMerlot 0.00000
http://www.w3.org/TR/2003/CR-owl-guide-20030818/wine#Handley 0.00000
http://www.w3.org/TR/2003/CR-owl-guide-20030818/wine#KalinCellars 0.00615
http://www.w3.org/TR/2003/CR-owl-guide-20030818/wine#KalinCellarsSemillon 0.00000
http://www.w3.org/TR/2003/CR-owl-guide-20030818/wine#KathrynKennedy 0.00615
http://www.w3.org/TR/2003/CR-owl-guide-20030818/wine#KathrynKennedyLateral 0.00000
http://www.w3.org/TR/2003/CR-owl-guide-20030818/wine#LaneTanner 0.00596
http://www.w3.org/TR/2003/CR-owl-guide-20030818/wine#LaneTannerPinotNoir 0.00000
http://www.w3.org/TR/2003/CR-owl-guide-20030818/wine#Longridge 0.00596
http://www.w3.org/TR/2003/CR-owl-guide-20030818/wine#LongridgeMerlot 0.00000
http://www.w3.org/TR/2003/CR-owl-guide-20030818/wine#Marietta 0.00883
http://www.w3.org/TR/2003/CR-owl-guide-20030818/wine#MariettaCabernetSauvignon 0.00000
http://www.w3.org/TR/2003/CR-owl-guide-20030818/wine#MariettaOldVinesRed 0.00000
http://www.w3.org/TR/2003/CR-owl-guide-20030818/wine#MariettaPetiteSyrah 0.00000
http://www.w3.org/TR/2003/CR-owl-guide-20030818/wine#MariettaZinfandel 0.00000
http://www.w3.org/TR/2003/CR-owl-guide-20030818/wine#MendocinoRegion 0.00000
http://www.w3.org/TR/2003/CR-owl-guide-20030818/wine#MountEdenVineyard 0.00692
http://www.w3.org/TR/2003/CR-owl-guide-20030818/wine#MountEdenVineyardEdnaValleyChardonnay 0.00000
http://www.w3.org/TR/2003/CR-owl-guide-20030818/wine#MountEdenVineyardEstatePinotNoir 0.00000
http://www.w3.org/TR/2003/CR-owl-guide-20030818/wine#Mountadam 0.00788
http://www.w3.org/TR/2003/CR-owl-guide-20030818/wine#MountadamChardonnay 0.00000
http://www.w3.org/TR/2003/CR-owl-guide-20030818/wine#SouthAustraliaRegion 0.00287
http://www.w3.org/TR/2003/CR-owl-guide-20030818/wine#MountadamPinotNoir 0.00000
http://www.w3.org/TR/2003/CR-owl-guide-20030818/wine#MountadamRiesling 0.00000
http://www.w3.org/TR/2003/CR-owl-guide-20030818/wine#PageMillWinery 0.00596
http://www.w3.org/TR/2003/CR-owl-guide-20030818/wine#PageMillWineryCabernetSauvignon 0.00000
http://www.w3.org/TR/2003/CR-owl-guide-20030818/wine#PeterMccoy 0.00596
http://www.w3.org/TR/2003/CR-owl-guide-20030818/wine#PeterMccoyChardonnay 0.00000
http://www.w3.org/TR/2003/CR-owl-guide-20030818/wine#PulignyMontrachet 0.00615
http://www.w3.org/TR/2003/CR-owl-guide-20030818/wine#PulignyMontrachetWhiteBurgundy 0.00000
http://www.w3.org/TR/2003/CR-owl-guide-20030818/wine#RoseDAnjou 0.00000
http://www.w3.org/TR/2003/CR-owl-guide-20030818/wine#SantaCruzMountainVineyard 0.00596
http://www.w3.org/TR/2003/CR-owl-guide-20030818/wine#SantaCruzMountainVineyardCabernetSauvignon 0.00000
http://www.w3.org/TR/2003/CR-owl-guide-20030818/wine#SantaCruzMountainsRegion 0.00096
http://www.w3.org/TR/2003/CR-owl-guide-20030818/wine#CentralTexasRegion 0.00115
http://www.w3.org/TR/2003/CR-owl-guide-20030818/wine#StGenevieve 0.00615
http://www.w3.org/TR/2003/CR-owl-guide-20030818/wine#StGenevieveTexasWhite 0.00000
http://www.w3.org/TR/2003/CR-owl-guide-20030818/wine#SaucelitoCanyon 0.00678
http://www.w3.org/TR/2003/CR-owl-guide-20030818/wine#SaucelitoCanyonZinfandel 0.00000
http://www.w3.org/TR/2003/CR-owl-guide-20030818/wine#SaucelitoCanyonZinfandel1998 0.00000
http://www.w3.org/TR/2003/CR-owl-guide-20030818/wine#SchlossRothermel 0.00596
http://www.w3.org/TR/2003/CR-owl-guide-20030818/wine#SchlossRothermelTrochenbierenausleseRiesling 0.00000
http://www.w3.org/TR/2003/CR-owl-guide-20030818/wine#SchlossVolrad 0.00596
http://www.w3.org/TR/2003/CR-owl-guide-20030818/wine#SchlossVolradTrochenbierenausleseRiesling 0.00000
http://www.w3.org/TR/2003/CR-owl-guide-20030818/wine#SeanThackrey 0.00596
http://www.w3.org/TR/2003/CR-owl-guide-20030818/wine#SeanThackreySiriusPetiteSyrah 0.00000
http://www.w3.org/TR/2003/CR-owl-guide-20030818/wine#Selaks 0.00692
http://www.w3.org/TR/2003/CR-owl-guide-20030818/wine#SelaksIceWine 0.00000
http://www.w3.org/TR/2003/CR-owl-guide-20030818/wine#SelaksSauvignonBlanc 0.00000
http://www.w3.org/TR/2003/CR-owl-guide-20030818/wine#SevreEtMaine 0.00788
http://www.w3.org/TR/2003/CR-owl-guide-20030818/wine#SevreEtMaineMuscadet 0.00000
http://www.w3.org/TR/2003/CR-owl-guide-20030818/wine#Stonleigh 0.00596
http://www.w3.org/TR/2003/CR-owl-guide-20030818/wine#StonleighSauvignonBlanc 0.00000
http://www.w3.org/TR/2003/CR-owl-guide-20030818/wine#Taylor 0.00788
http://www.w3.org/TR/2003/CR-owl-guide-20030818/wine#TaylorPort 0.00000
http://www.w3.org/TR/2003/CR-owl-guide-20030818/wine#Ventana 0.00596
http://www.w3.org/TR/2003/CR-owl-guide-20030818/wine#VentanaCheninBlanc 0.00000
http://www.w3.org/TR/2003/CR-owl-guide-20030818/wine#WhitehallLane 0.00596
http://www.w3.org/TR/2003/CR-owl-guide-20030818/wine#WhitehallLaneCabernetFranc 0.00000
http://www.w3.org/TR/2003/CR-owl-guide-20030818/wine#WhitehallLanePrimavera 0.00000
_:node417 0.00000
_:node418 0.00000
_:node419 0.00000
_:node420 0.00000
_:node421 0.00000
_:node422 0.00000
_:node423 0.00000
_:node424 0.00000
_:node425 0.00000
_:node426 0.00000
_:node427 0.00000
_:node428 0.00000
_:node429 0.00000
_:node430 0.00000
_:node431 0.00000
_:node432 0.00000
_:node433 0.00000
_:node434 0.00000
_:node435 0.00000
_:node436 0.00000
_:node437 0.00000
_:node438 0.00000
_:node439 0.00000
_:node440 0.00000
_:node441 0.00000
_:node442 0.00000
_:node443 0.00000
_:node444 0.00000
_:node445 0.00000
_:node446 0.00000
_:node447 0.00000
_:node448 0.00000
_:node449 0.00000
_:node450 0.00000
_:node451 0.00000
_:node452 0.00000
_:node453 0.00000
_:node454 0.00000
_:node455 0.00000
_:node456 0.00000
_:node457 0.00000
_:node458 0.00000
